#
# boot last working image by default, and allow one failure
#

hiddenmenu

serial --unit=0 --speed=9600
terminal serial

default saved
timeout 2
fallback 0 1 2 3 4

title active
   root (hd0,1)
   savedefault fallback
   kernel /sys/active/kernel.img ramdisk_size=14000 root=/dev/ram0 ro auto quiet console=ttyS0,9600 flash=hda2
   initrd /sys/active/initrd.img 

title active(retry)
   root (hd0,1)
   savedefault fallback
   kernel /sys/active/kernel.img ramdisk_size=14000 root=/dev/ram0 ro auto quiet console=ttyS0,9600 flash=hda2
   initrd /sys/active/initrd.img 

title backup
   root (hd0,1)
   savedefault fallback
   kernel /sys/backup/kernel.img ramdisk_size=14000 root=/dev/ram0 ro auto quiet console=ttyS0,9600 flash=hda2
   initrd /sys/backup/initrd.img 

title backup(retry)
   root (hd0,1)
   savedefault fallback
   kernel /sys/backup/kernel.img ramdisk_size=14000 root=/dev/ram0 ro auto quiet console=ttyS0,9600 flash=hda2
   initrd /sys/backup/initrd.img 

title firmware
   root (hd0,0)
   savedefault 0	# next boot should retry active conf.
   kernel /boot/firmware/firmware.img quiet console=ttyS0,9600 panic=1 flash=hda2

# development kernel
title firmware-dev
   root (hd0,0)
   savedefault 5	# next boot will stay on the development kernel
   kernel /boot/firmware/firmware.img quiet console=ttyS0,9600 panic=1 flash=hda2

title reboot
   reboot

title halt
   halt

