#
# boot last working image by default, and allow one failure
#

hiddenmenu

serial --unit=0 --speed=9600
terminal serial

default saved
timeout 2
fallback 0 1 2 3 4 5 6

# image 0
title active
   root (hd0,1)
   savedefault 1
   kernel /sys/active/kernel.img root=/dev/ram0 ro auto quiet console=ttyS0,9600 panic=1 flash=hda2
   initrd /sys/active/initrd.img 

# image 1
title active(retry)
   root (hd0,1)
   savedefault 2
   kernel /sys/active/kernel.img root=/dev/ram0 ro auto quiet console=ttyS0,9600 panic=1 flash=hda2
   initrd /sys/active/initrd.img 

# image 2
title backup
   root (hd0,1)
   savedefault 3
   kernel /sys/backup/kernel.img root=/dev/ram0 ro auto quiet console=ttyS0,9600 panic=1 flash=hda2
   initrd /sys/backup/initrd.img 

# image 3
title backup(retry)
   root (hd0,1)
   savedefault 4
   kernel /sys/backup/kernel.img root=/dev/ram0 ro auto quiet console=ttyS0,9600 panic=1 flash=hda2
   initrd /sys/backup/initrd.img 

# image 4
### THIS IMAGE CAN BE COMMENTED OUT
title active-rw
   root (hd0,1)
   # a successful boot will round it down to 4
   savedefault 5
   kernel /sys/active/kernel.img root=/dev/hdc4 ro auto quiet console=ttyS0,9600 panic=1 flash=hda2

# image 5
### THIS IMAGE CAN BE COMMENTED OUT
title active-rw (retry)
   root (hd0,1)
   # a successful boot will round it down to 4
   savedefault 6
   kernel /sys/active/kernel.img root=/dev/hdc4 ro auto quiet console=ttyS0,9600 panic=1 flash=hda2

# image 4 or 6
title firmware
   root (hd0,0)
   # next boot should retry active conf.
   savedefault 0
   kernel /boot/firmware/firmware.img quiet console=ttyS0,9600 panic=1 flash=hda2

# development kernel
### THIS IMAGE CAN BE COMMENTED OUT
title firmware-dev
   root (hd0,0)
   # next boot will stay on this image
   savedefault
   kernel /boot/firmware/firmware.img quiet console=ttyS0,9600 panic=1 flash=hda2

# image 5, 6 or 8
title reboot
   # ensure that we never loop
   savedefault 0
   reboot

# image 6, 7 or 9
title halt
   # ensure that we never loop
   savedefault 0
   halt

